// Jest Snapshot v1, https://goo.gl/fbAQLP

exports[`homepage renders 1`] = `
<div>
  <nav
    className="navbar navbar-default"
  >
    <div
      className="container"
    >
      <div
        className="navbar-header"
      >
        <span
          className="navbar-brand"
        >
          YAWN
        </span>
      </div>
      <div>
        <ul
          className="nav navbar-nav"
          role={null}
        >
          <li
            className=""
            role="presentation"
            style={undefined}
          >
            <a
              href="/workflows"
              onClick={[Function]}
            >
              Workflows
            </a>
          </li>
          <li
            className=""
            role="presentation"
            style={undefined}
          >
            <a
              href="/executions"
              onClick={[Function]}
            >
              Executions
            </a>
          </li>
          <li
            className=""
            role="presentation"
            style={undefined}
          >
            <a
              href="/workers"
              onClick={[Function]}
            >
              Workers
            </a>
          </li>
          <li
            className=""
            role="presentation"
            style={undefined}
          >
            <a
              href="/queues"
              onClick={[Function]}
            >
              Queues
            </a>
          </li>
          <li
            className=""
            role="presentation"
            style={undefined}
          >
            <a
              href="/users"
              onClick={[Function]}
            >
              Users
            </a>
          </li>
        </ul>
        <ul
          className="nav navbar-nav navbar-right"
          role={null}
        >
          <li
            className=""
            role="presentation"
            style={undefined}
          >
            <a
              href="#"
              onClick={[Function]}
              role="button"
            >
              <span
                className="glyphicon glyphicon-refresh"
              />
            </a>
          </li>
          <li
            className=""
            role="presentation"
            style={undefined}
          >
            <a
              href="#"
              onClick={[Function]}
              role="button"
            >
              Logout 
              (test user)
            </a>
          </li>
        </ul>
      </div>
    </div>
  </nav>
  <div
    className="container"
  />
</div>
`;
